// Jest Snapshot v1, https://goo.gl/fbAQLP

exports[`InstructionEditor renders vertical line and icon 1`] = `
.c0 {
  position: absolute;
}

.c1 {
  display: block;
  opacity: 0.7;
}

.c1:hover {
  opacity: 0.8;
}

.c2 {
  position: absolute;
  top: 30px;
  left: 0px;
  right: 0;
  height: 90vh;
  width: 1px;
  border-left: 1px dotted gray;
}

<div
  className="c0 react-draggable"
  onMouseDown={[Function]}
  onMouseUp={[Function]}
  onTouchEnd={[Function]}
  style={
    Object {
      "transform": "translate(100px,0px)",
    }
  }
  transform={null}
>
  <svg
    aria-hidden="true"
    className="svg-inline--fa fa-comment fa-w-16 fa-fw fa-lg c1 handle"
    data-icon="comment"
    data-prefix="fas"
    focusable="false"
    onMouseDown={[Function]}
    role="img"
    style={Object {}}
    viewBox="0 0 512 512"
    xmlns="http://www.w3.org/2000/svg"
  >
    <path
      d="M256 32C114.6 32 0 125.1 0 240c0 49.6 21.4 95 57 130.7C44.5 421.1 2.7 466 2.2 466.5c-2.2 2.3-2.8 5.7-1.5 8.7S4.8 480 8 480c66.3 0 116-31.8 140.6-51.4 32.7 12.3 69 19.4 107.4 19.4 141.4 0 256-93.1 256-208S397.4 32 256 32z"
      fill="currentColor"
      style={Object {}}
    />
  </svg>
  <div
    className="c2"
  />
</div>
`;

exports[`InstructionEditor shows the editor when icon clicked 1`] = `
.c0 {
  position: absolute;
}

.c1 {
  display: block;
  opacity: 0.7;
}

.c1:hover {
  opacity: 0.8;
}

.c2 {
  position: relative;
  padding: 5px;
}

.c6 {
  position: absolute;
  top: 30px;
  left: 0px;
  right: 0;
  height: 90vh;
  width: 1px;
  border-left: 1px dotted gray;
}

.c4 {
  font-size: 13px;
}

.c5 {
  display: block;
  padding: 5px;
  width: 250px;
  background-color: white;
}

.c3 {
  color: gray;
}

.c3:hover {
  color: #666;
}

<div
  className="c0 react-draggable"
  onMouseDown={[Function]}
  onMouseUp={[Function]}
  onTouchEnd={[Function]}
  style={
    Object {
      "transform": "translate(100px,0px)",
    }
  }
  transform={null}
>
  <svg
    aria-hidden="true"
    className="svg-inline--fa fa-comment fa-w-16 fa-fw fa-lg c1 handle"
    data-icon="comment"
    data-prefix="fas"
    focusable="false"
    onMouseDown={[Function]}
    role="img"
    style={Object {}}
    viewBox="0 0 512 512"
    xmlns="http://www.w3.org/2000/svg"
  >
    <path
      d="M256 32C114.6 32 0 125.1 0 240c0 49.6 21.4 95 57 130.7C44.5 421.1 2.7 466 2.2 466.5c-2.2 2.3-2.8 5.7-1.5 8.7S4.8 480 8 480c66.3 0 116-31.8 140.6-51.4 32.7 12.3 69 19.4 107.4 19.4 141.4 0 256-93.1 256-208S397.4 32 256 32z"
      fill="currentColor"
      style={Object {}}
    />
  </svg>
  <div
    className="c2"
  >
    <svg
      aria-hidden="true"
      className="svg-inline--fa fa-trash-alt fa-w-14 fa-fw c3"
      data-icon="trash-alt"
      data-prefix="fas"
      focusable="false"
      onClick={[Function]}
      role="img"
      style={Object {}}
      viewBox="0 0 448 512"
      xmlns="http://www.w3.org/2000/svg"
    >
      <path
        d="M32 464a48 48 0 0 0 48 48h288a48 48 0 0 0 48-48V128H32zm272-256a16 16 0 0 1 32 0v224a16 16 0 0 1-32 0zm-96 0a16 16 0 0 1 32 0v224a16 16 0 0 1-32 0zm-96 0a16 16 0 0 1 32 0v224a16 16 0 0 1-32 0zM432 32H312l-9.4-18.7A24 24 0 0 0 281.1 0H166.8a23.72 23.72 0 0 0-21.4 13.3L136 32H16A16 16 0 0 0 0 48v32a16 16 0 0 0 16 16h416a16 16 0 0 0 16-16V48a16 16 0 0 0-16-16z"
        fill="currentColor"
        style={Object {}}
      />
    </svg>
    <span
      className="c4"
    >
      05:00
    </span>
    <textarea
      className="c5"
      onChange={[Function]}
      value="This is a comment"
    />
  </div>
  <div
    className="c6"
  />
</div>
`;
